# 3. Enviar para o repositório remoto
git push origin main
On branch main
Your branch is ahead of 'origin/main' by 1 commit.
  (use "git push" to publish your local commits)

nothing to commit, working tree clean
Enumerating objects: 11, done.
Counting objects: 100% (11/11), done.
Delta compression using up to 8 threads
Compressing objects: 100% (6/6), done.
Writing objects: 100% (6/6), 1.13 KiB | 1.13 MiB/s, done.
Total 6 (delta 4), reused 0 (delta 0), pack-reused 0 (from 0)
remote: Resolving deltas: 100% (4/4), completed with 4 local objects.
To https://github.com/geraldochiquemba2/frota1
   9af9f1f..3731b21  main -> main
~/workspace$ git push origin main
Everything up-to-date
~/workspace$ ^C
~/workspace$ git add . && git commit -m "Update logout fix" && git push origin main
On branch main
Your branch is ahead of 'origin/main' by 2 commits.
  (use "git push" to publish your local commits)

nothing to commit, working tree clean
~/workspace$ git push origin main
Enumerating objects: 10, done.
Counting objects: 100% (10/10), done.
Delta compression using up to 8 threads
Compressing objects: 100% (8/8), done.
Writing objects: 100% (8/8), 4.93 KiB | 4.93 MiB/s, done.
Total 8 (delta 5), reused 0 (delta 0), pack-reused 0 (from 0)
remote: Resolving deltas: 100% (5/5), completed with 2 local objects.
To https://github.com/geraldochiquemba2/frota1
   3731b21..1a6aca5  main -> main
~/workspace$ npm run build && cp -r dist/public/* workers/public/ && cd workers && npx wrangler deploy

> rest-express@1.0.0 build
> tsx script/build.ts

building client...
vite v5.4.20 building for production...
transforming (4) src/App.tsx
A PostCSS plugin did not pass the `from` option to `postcss.parse`. This may cause imported assets to be incorrectly transformed. If you've recently added a PostCSS plugin that raised this warning, please contact the package author to fix the issue.
✓ 2577 modules transformed.
../dist/public/index.html                   2.58 kB │ gzip:   0.97 kB
../dist/public/assets/index-CM7b5IOZ.css   79.71 kB │ gzip:  12.75 kB
../dist/public/assets/index-CG1dHLyZ.js   671.97 kB │ gzip: 195.91 kB

(!) Some chunks are larger than 500 kB after minification. Consider:
- Using dynamic import() to code-split the application
- Use build.rollupOptions.output.manualChunks to improve chunking: https://rollupjs.org/configuration-options/#output-manualchunks
- Adjust chunk size limit for this warning via build.chunkSizeWarningLimit.
✓ built in 8.49s
building server...

  dist/index.cjs  1.1mb ⚠️

⚡ Done in 148ms

Cloudflare collects anonymous telemetry about your usage of Wrangler. Learn more at https://github.com/cloudflare/workers-sdk/tree/main/packages/wrangler/telemetry.md

 ⛅️ wrangler 3.114.15 (update available 4.55.0)
---------------------------------------------------------

▲ [WARNING] The version of Wrangler you are using is now out-of-date.

  Please update to the latest version to prevent critical errors.
  Run `npm install --save-dev wrangler@4` to update to the latest version.
  After installation, run Wrangler with `npx wrangler`.


Attempting to login via OAuth...
Opening a link in your default browser: https://dash.cloudflare.com/oauth2/auth?response_type=code&client_id=54d11594-84e4-41aa-b438-e81b8fa78ee7&redirect_uri=http%3A%2F%2Flocalhost%3A8976%2Foauth%2Fcallback&scope=account%3Aread%20user%3Aread%20workers%3Awrite%20workers_kv%3Awrite%20workers_routes%3Awrite%20workers_scripts%3Awrite%20workers_tail%3Aread%20d1%3Awrite%20pages%3Awrite%20zone%3Aread%20ssl_certs%3Awrite%20ai%3Awrite%20queues%3Awrite%20pipelines%3Awrite%20offline_access&state=sIbI5eQrlLRucrpvUMhcFKqdES~-flrx&code_challenge=xcVvp3aDQL7I6hAXH3uHTInLJgohqzjTe2ZrUJrW7eE&code_challenge_method=S256
